
   INFO  Server running on [http://127.0.0.1:8000].

  Press Ctrl+C to stop the server

  2026-09-01 06:51:59 / .......................................... ~ 500.51ms
  2026-09-01 06:53:20 / ................................................ ~ 1s
  2026-09-01 06:56:56 / .......................................... ~ 500.39ms
  2026-09-01 06:58:14 / ............................................ ~ 0.13ms
  2026-09-01 06:58:14 /owlcarousel/owl.carousel.min.css ............ ~ 0.06ms
  2026-09-01 06:58:14 /build/assets/app-oNc4Pirv.css ............... ~ 0.30ms
  2026-09-01 06:58:14 /build/assets/app-BvRk9kiK.js ................ ~ 0.45ms
  2026-09-01 06:58:14 /build/assets/instrument-sans-400-normal-DRC__1Mx.woff2  ~ 0.67ms
  2026-09-01 06:58:14 /build/assets/instrument-sans-400-normal-Q_nF8v4l.woff2  ~ 0.73ms
  2026-09-01 06:58:14 /build/assets/instrument-sans-500-normal-Dk9ku72i.woff2  ~ 0.77ms
  2026-09-01 06:58:14 /_debugbar/assets ............................ ~ 0.07ms
  2026-09-01 06:58:14 /owlcarousel/owl.theme.default.min.css ....... ~ 0.33ms
  2026-09-01 06:58:14 /build/assets/instrument-sans-500-normal-CTEe1bJa.woff2  ~ 0.49ms
  2026-09-01 06:58:14 /build/assets/instrument-sans-600-normal-B7fBEWYG.woff2  ~ 0.29ms
  2026-09-01 06:58:14 /build/assets/instrument-sans-600-normal-BsaQcF38.woff2  ~ 0.33ms
  2026-09-01 06:58:14 /owlcarousel/owl.carousel.min.js ............. ~ 0.23ms
  2026-09-01 06:58:14 /livewire-d3697458/livewire.js ............... ~ 0.31ms
  2026-09-01 06:58:14 /flux/flux.js ................................ ~ 0.18ms
  2026-09-01 06:58:14 /_debugbar/assets ............................ ~ 0.42ms
  2026-09-01 06:58:14 /build/assets/instrument-sans-600-normal-B9e8oLYv.woff  ~ 0.12ms
  2026-09-01 06:58:14 /build/assets/instrument-sans-500-normal-Z6ESRlEs.woff  ~ 0.27ms
  2026-09-01 06:58:15 /_boost/browser-logs ......................... ~ 0.04ms
  2026-09-01 06:58:15 /build/assets/instrument-sans-400-normal-D1W7dsQl.woff  ~ 0.30ms
  2026-09-01 06:58:15 /build/assets/instrument-sans-600-normal-DMks36a2.woff  ~ 0.35ms
  2026-09-01 06:58:15 /build/assets/instrument-sans-400-normal-r32jotim.woff  ~ 0.39ms
  2026-09-01 06:58:15 /_boost/browser-logs ......................... ~ 0.11ms
  2026-09-01 06:58:15 /_boost/browser-logs ......................... ~ 0.47ms
  2026-09-01 06:58:16 /sw.js ....................................... ~ 0.11ms
  2026-09-01 06:58:16 /offline.html ................................ ~ 0.10ms
  2026-09-01 06:58:16 /_boost/browser-logs ......................... ~ 0.04ms
  2026-09-01 06:58:16 /_boost/browser-logs ......................... ~ 0.33ms
  2026-09-01 06:58:18 /products .................................. ~ 500.46ms
  2026-09-01 06:58:18 /build/assets/instrument-sans-400-normal-DRC__1Mx.woff2  ~ 0.04ms
  2026-09-01 06:58:18 /build/assets/instrument-sans-400-normal-Q_nF8v4l.woff2  ~ 0.07ms
  2026-09-01 06:58:18 /build/assets/app-oNc4Pirv.css ............... ~ 0.10ms
  2026-09-01 06:58:18 /build/assets/instrument-sans-500-normal-Dk9ku72i.woff2  ~ 0.31ms
  2026-09-01 06:58:18 /build/assets/instrument-sans-500-normal-CTEe1bJa.woff2  ~ 0.36ms
  2026-09-01 06:58:18 /build/assets/instrument-sans-600-normal-B7fBEWYG.woff2  ~ 0.41ms
  2026-09-01 06:58:18 /build/assets/instrument-sans-600-normal-BsaQcF38.woff2  ~ 0.51ms
  2026-09-01 06:58:18 /build/assets/app-BvRk9kiK.js ................ ~ 0.32ms
  2026-09-01 06:58:18 /build/assets/instrument-sans-600-normal-B9e8oLYv.woff  ~ 0.04ms
  2026-09-01 06:58:18 /build/assets/instrument-sans-400-normal-r32jotim.woff  ~ 0.03ms
  2026-09-01 06:58:18 /build/assets/instrument-sans-400-normal-D1W7dsQl.woff  ~ 0.16ms
  2026-09-01 06:58:18 /build/assets/instrument-sans-500-normal-Z6ESRlEs.woff  ~ 0.03ms
  2026-09-01 06:58:19 /_boost/browser-logs ......................... ~ 0.10ms
  2026-09-01 06:58:20 /bulk-orders ................................. ~ 0.14ms
  2026-09-01 06:58:20 /build/assets/instrument-sans-400-normal-DRC__1Mx.woff2  ~ 0.08ms
  2026-09-01 06:58:20 /build/assets/instrument-sans-400-normal-Q_nF8v4l.woff2  ~ 0.22ms
  2026-09-01 06:58:20 /build/assets/instrument-sans-500-normal-Dk9ku72i.woff2  ~ 0.46ms
  2026-09-01 06:58:20 /build/assets/instrument-sans-500-normal-CTEe1bJa.woff2  ~ 0.61ms
  2026-09-01 06:58:20 /build/assets/instrument-sans-600-normal-B7fBEWYG.woff2  ~ 0.66ms
  2026-09-01 06:58:20 /build/assets/instrument-sans-600-normal-BsaQcF38.woff2  ~ 0.75ms
  2026-09-01 06:58:20 /build/assets/app-oNc4Pirv.css ............... ~ 0.09ms
  2026-09-01 06:58:20 /build/assets/app-BvRk9kiK.js ................ ~ 0.03ms
  2026-09-01 06:58:20 /build/assets/instrument-sans-600-normal-B9e8oLYv.woff  ~ 0.05ms
  2026-09-01 06:58:20 /build/assets/instrument-sans-500-normal-Z6ESRlEs.woff  ~ 0.09ms
  2026-09-01 06:58:20 /build/assets/instrument-sans-400-normal-D1W7dsQl.woff  ~ 0.14ms
  2026-09-01 06:58:20 /sw.js ....................................... ~ 0.02ms
  2026-09-01 06:58:20 /_boost/browser-logs ......................... ~ 0.10ms
  2026-09-01 06:58:22 /sw.js ....................................... ~ 0.10ms
